============================= test session starts =============================
platform win32 -- Python 3.13.6, pytest-9.0.2, pluggy-1.6.0
rootdir: C:\Proyectos\sass
configfile: pytest.ini
plugins: anyio-4.12.1, asyncio-1.3.0
asyncio: mode=Mode.STRICT, debug=False, asyncio_default_fixture_loop_scope=None, asyncio_default_test_loop_scope=function
collected 89 items

app\tests\test_auth.py .........                                         [ 10%]
app\tests\test_cash_shifts.py .........                                  [ 20%]
app\tests\test_categories.py ............                                [ 33%]
app\tests\test_metrics.py ........                                       [ 42%]
app\tests\test_orders.py ...........                                     [ 55%]
app\tests\test_products.py .............                                 [ 69%]
app\tests\test_tenants.py ............                                   [ 83%]
app\tests\test_users.py ...............                                  [100%]

============================= 89 passed in 21.61s =============================
